// Jest Snapshot v1, https://goo.gl/fbAQLP

exports[`<Footer/> renders the <Footer/> with populated data 1`] = `
<div
  class="footer__Container-sc-ucsk72-0 cpyHSn"
>
  <p
    class="footer__Title-sc-ucsk72-4 fdyzhF"
  >
    Questions? Contact us.
  </p>
  <p
    class="footer__Break-sc-ucsk72-6 khQshi"
  />
  <div
    class="footer__Row-sc-ucsk72-2 lbaOGR"
  >
    <div
      class="footer__Column-sc-ucsk72-1 bWSmas"
    >
      <a
        class="footer__Link-sc-ucsk72-3 iyoOzn"
        href="#"
      >
        FAQ
      </a>
      <a
        class="footer__Link-sc-ucsk72-3 iyoOzn"
        href="#"
      >
        Investor Relations
      </a>
      <a
        class="footer__Link-sc-ucsk72-3 iyoOzn"
        href="#"
      >
        Ways to Watch
      </a>
      <a
        class="footer__Link-sc-ucsk72-3 iyoOzn"
        href="#"
      >
        Corporate Information
      </a>
      <a
        class="footer__Link-sc-ucsk72-3 iyoOzn"
        href="#"
      >
        Aniflix Originals
      </a>
    </div>
    <div
      class="footer__Column-sc-ucsk72-1 bWSmas"
    >
      <a
        class="footer__Link-sc-ucsk72-3 iyoOzn"
        href="#"
      >
        Help Centre
      </a>
      <a
        class="footer__Link-sc-ucsk72-3 iyoOzn"
        href="#"
      >
        Jobs
      </a>
      <a
        class="footer__Link-sc-ucsk72-3 iyoOzn"
        href="#"
      >
        Terms of Use
      </a>
      <a
        class="footer__Link-sc-ucsk72-3 iyoOzn"
        href="#"
      >
        Contact Us
      </a>
    </div>
    <div
      class="footer__Column-sc-ucsk72-1 bWSmas"
    >
      <a
        class="footer__Link-sc-ucsk72-3 iyoOzn"
        href="#"
      >
        Account
      </a>
      <a
        class="footer__Link-sc-ucsk72-3 iyoOzn"
        href="#"
      >
        Redeem Gift Cards
      </a>
      <a
        class="footer__Link-sc-ucsk72-3 iyoOzn"
        href="#"
      >
        Privacy
      </a>
      <a
        class="footer__Link-sc-ucsk72-3 iyoOzn"
        href="#"
      >
        Speed Test
      </a>
    </div>
    <div
      class="footer__Column-sc-ucsk72-1 bWSmas"
    >
      <a
        class="footer__Link-sc-ucsk72-3 iyoOzn"
        href="#"
      >
        Media Centre
      </a>
      <a
        class="footer__Link-sc-ucsk72-3 iyoOzn"
        href="#"
      >
        Buy Gift Cards
      </a>
      <a
        class="footer__Link-sc-ucsk72-3 iyoOzn"
        href="#"
      >
        Cookie Preferences
      </a>
      <a
        class="footer__Link-sc-ucsk72-3 iyoOzn"
        href="#"
      >
        Legal Notices
      </a>
    </div>
  </div>
  <p
    class="footer__Break-sc-ucsk72-6 khQshi"
  />
  <p
    class="footer__Text-sc-ucsk72-5 cidGIA"
  >
    Aniflix Japan
  </p>
</div>
`;
