// Jest Snapshot v1, https://goo.gl/fbAQLP

exports[`<Jumbotron/> renders the <Jumbotron/> with populated data 1`] = `
<div
  class="jumbotron__Container-sc-1y1f2vr-1 chgqiz"
>
  <div
    class="jumbotron__Item-sc-1y1f2vr-0 jjPRtM"
  >
    <div
      class="jumbotron__Inner-sc-1y1f2vr-2 fCAXhS"
      direction="row"
    >
      <div
        class="jumbotron__Pane-sc-1y1f2vr-3 jaideL"
      >
        <h1
          class="jumbotron__Title-sc-1y1f2vr-4 dmOWga"
        >
          Enjoy on your TV.
        </h1>
        <h2
          class="jumbotron__SubTitle-sc-1y1f2vr-5 crpxZd"
        >
          Watch on smart TVs, PlayStation, Xbox, Chromecast, Apple TV, Blu-ray players and more.
        </h2>
      </div>
      <div
        class="jumbotron__Pane-sc-1y1f2vr-3 jaideL"
      >
        <img
          alt="Tiger King on Aniflix"
          class="jumbotron__Image-sc-1y1f2vr-6 ehBMLF"
          data-testid="1-jumbo-image"
          src="/images/misc/home-tv.jpg"
        />
      </div>
    </div>
  </div>
  <div
    class="jumbotron__Item-sc-1y1f2vr-0 jjPRtM"
  >
    <div
      class="jumbotron__Inner-sc-1y1f2vr-2 fCAXhS"
      direction="row"
    >
      <div
        class="jumbotron__Pane-sc-1y1f2vr-3 jaideL"
      >
        <h1
          class="jumbotron__Title-sc-1y1f2vr-4 dmOWga"
        >
          Download your programmes to watch on the go.
        </h1>
        <h2
          class="jumbotron__SubTitle-sc-1y1f2vr-5 crpxZd"
        >
          Save your data and watch all your favourites offline.
        </h2>
      </div>
      <div
        class="jumbotron__Pane-sc-1y1f2vr-3 jaideL"
      >
        <img
          alt="Watch on mobile"
          class="jumbotron__Image-sc-1y1f2vr-6 ehBMLF"
          data-testid="2-jumbo-image"
          src="/images/misc/home-mobile.jpg"
        />
      </div>
    </div>
  </div>
  <div
    class="jumbotron__Item-sc-1y1f2vr-0 jjPRtM"
  >
    <div
      class="jumbotron__Inner-sc-1y1f2vr-2 fCAXhS"
      direction="row"
    >
      <div
        class="jumbotron__Pane-sc-1y1f2vr-3 jaideL"
      >
        <h1
          class="jumbotron__Title-sc-1y1f2vr-4 dmOWga"
        >
          Watch everywhere.
        </h1>
        <h2
          class="jumbotron__SubTitle-sc-1y1f2vr-5 crpxZd"
        >
          Stream unlimited films and TV programmes on your phone, tablet, laptop and TV without paying more.
        </h2>
      </div>
      <div
        class="jumbotron__Pane-sc-1y1f2vr-3 jaideL"
      >
        <img
          alt="Money Heist on Aniflix"
          class="jumbotron__Image-sc-1y1f2vr-6 ehBMLF"
          data-testid="3-jumbo-image"
          src="/images/misc/home-imac.jpg"
        />
      </div>
    </div>
  </div>
</div>
`;
