// Jest Snapshot v1, https://goo.gl/fbAQLP

exports[`<Player /> renders the <Player/> with a video 1`] = `
<div
  class="player__Container-sc-16zk2s6-0"
>
  <button
    class="player__Button-sc-16zk2s6-3 cDKZDU"
  >
    Play
  </button>
</div>
`;
